npm error code ERESOLVE
npm error ERESOLVE could not resolve
npm error
npm error While resolving: @emoji-mart/react@1.1.1
npm error Found: react@19.2.3
npm error node_modules/react
npm error   peer react@">=16.8.0" from @floating-ui/react-dom@2.1.6
npm error   node_modules/@floating-ui/react-dom
npm error     @floating-ui/react-dom@"^2.0.0" from @radix-ui/react-popper@1.2.8
npm error     node_modules/@radix-ui/react-popper
npm error       @radix-ui/react-popper@"1.2.8" from @radix-ui/react-menu@2.1.16
npm error       node_modules/@radix-ui/react-menu
npm error         @radix-ui/react-menu@"2.1.16" from @radix-ui/react-dropdown-menu@2.1.16
npm error         node_modules/@radix-ui/react-dropdown-menu
npm error       3 more (@radix-ui/react-popover, @radix-ui/react-select, @radix-ui/react-tooltip)
npm error   peer react@"^17.0.2 || ^17.0.0-0 || ^18 || ^18.0.0-0 || ^19 || ^19.0.0-0" from @mux/mux-player-react@3.10.1
npm error   node_modules/@mux/mux-player-react
npm error     @mux/mux-player-react@"^3.5.1" from the root project
npm error   83 more (@radix-ui/react-accordion, @radix-ui/react-arrow, ...)
npm error
npm error Could not resolve dependency:
npm error peer react@"^16.8 || ^17 || ^18" from @emoji-mart/react@1.1.1
npm error node_modules/@emoji-mart/react
npm error   @emoji-mart/react@"^1.1.1" from the root project
npm error
npm error Conflicting peer dependency: react@18.3.1
npm error node_modules/react
npm error   peer react@"^16.8 || ^17 || ^18" from @emoji-mart/react@1.1.1
npm error   node_modules/@emoji-mart/react
npm error     @emoji-mart/react@"^1.1.1" from the root project
npm error
npm error Fix the upstream dependency conflict, or retry
npm error this command with --force or --legacy-peer-deps
npm error to accept an incorrect (and potentially broken) dependency resolution.
npm error
npm error
npm error For a full report see:
npm error C:\Users\Omnia Arafat\AppData\Local\npm-cache\_logs\2026-02-02T11_11_03_032Z-eresolve-report.txt
npm error A complete log of this run can be found in: C:\Users\Omnia Arafat\AppData\Local\npm-cache\_logs\2026-02-02T11_11_03_032Z-debug-0.log
